Flow report for alarm
Wed Aug 14 11:03:03 2024
Quartus Prime Version 20.1.1 Build 720 11/11/2020 SJ Standard Edition


---------------------
; Table of Contents ;
---------------------
  1. Legal Notice
  2. Flow Summary
  3. Flow Settings
  4. Flow Non-Default Global Settings
  5. Flow Elapsed Time
  6. Flow OS Summary
  7. Flow Log
  8. Flow Messages
  9. Flow Suppressed Messages



----------------
; Legal Notice ;
----------------
Copyright (C) 2020  Intel Corporation. All rights reserved.
Your use of Intel Corporation's design tools, logic functions 
and other software and tools, and any partner logic 
functions, and any output files from any of the foregoing 
(including device programming or simulation files), and any 
associated documentation or information are expressly subject 
to the terms and conditions of the Intel Program License 
Subscription Agreement, the Intel Quartus Prime License Agreement,
the Intel FPGA IP License Agreement, or other applicable license
agreement, including, without limitation, that your use is for
the sole purpose of programming logic devices manufactured by
Intel and sold by Intel or its authorized distributors.  Please
refer to the applicable agreement for further details, at
https://fpgasoftware.intel.com/eula.



+--------------------------------------------------------------------------------------+
; Flow Summary                                                                         ;
+------------------------------------+-------------------------------------------------+
; Flow Status                        ; Successful - Wed Aug 14 11:03:00 2024           ;
; Quartus Prime Version              ; 20.1.1 Build 720 11/11/2020 SJ Standard Edition ;
; Revision Name                      ; alarm                                           ;
; Top-level Entity Name              ; alarm                                           ;
; Family                             ; Cyclone IV E                                    ;
; Device                             ; EP4CE6E22C8                                     ;
; Timing Models                      ; Final                                           ;
; Total logic elements               ; 141 / 6,272 ( 2 % )                             ;
;     Total combinational functions  ; 140 / 6,272 ( 2 % )                             ;
;     Dedicated logic registers      ; 67 / 6,272 ( 1 % )                              ;
; Total registers                    ; 67                                              ;
; Total pins                         ; 16 / 92 ( 17 % )                                ;
; Total virtual pins                 ; 0                                               ;
; Total memory bits                  ; 0 / 276,480 ( 0 % )                             ;
; Embedded Multiplier 9-bit elements ; 0 / 30 ( 0 % )                                  ;
; Total PLLs                         ; 0 / 2 ( 0 % )                                   ;
+------------------------------------+-------------------------------------------------+


+-----------------------------------------+
; Flow Settings                           ;
+-------------------+---------------------+
; Option            ; Setting             ;
+-------------------+---------------------+
; Start date & time ; 08/14/2024 11:02:44 ;
; Main task         ; Compilation         ;
; Revision Name     ; alarm               ;
+-------------------+---------------------+


+--------------------------------------------------------------------------------------------------------------------------------------------------------------------------------------+
; Flow Non-Default Global Settings                                                                                                                                                     ;
+-------------------------------------+-----------------------------------------------------------------------------------------------------+---------------+-------------+------------+
; Assignment Name                     ; Value                                                                                               ; Default Value ; Entity Name ; Section Id ;
+-------------------------------------+-----------------------------------------------------------------------------------------------------+---------------+-------------+------------+
; CLOUD_NOTIFY_ENABLE                 ; Off                                                                                                 ; --            ; --          ; --         ;
; CLOUD_NOTIFY_GROUP_ID               ; dse1                                                                                                ; --            ; --          ; --         ;
; COMPILER_SIGNATURE_ID               ; 2544957400663.172362256413512                                                                       ; --            ; --          ; --         ;
; DSE_SEND_REPORT_PANEL               ; ^Timing Analyzer/Clocks$                                                                            ; --            ; --          ; --         ;
; DSE_SEND_REPORT_PANEL               ; Flow Elapsed Time                                                                                   ; --            ; --          ; --         ;
; DSE_SEND_REPORT_PANEL               ; ^Timing Analyzer/(Slow|Fast)\s.*Model/(Slow|Fast)\s.*Model\sFmax\sSummary$                          ; --            ; --          ; --         ;
; DSE_SEND_REPORT_PANEL               ; ^Timing Analyzer/(Slow|Fast)\s.*Model/(Slow|Fast)\s.*Model\s(Setup|Hold|Recovery|Removal)\sSummary$ ; --            ; --          ; --         ;
; DSE_SEND_REPORT_PANEL               ; Fitter/(Resource Section|Place Stage)/Fitter Resource Usage Summary                                 ; --            ; --          ; --         ;
; DSE_SERVER_SEND_REPORTS             ; On                                                                                                  ; --            ; --          ; --         ;
; DSE_SERVER_URL                      ; http://localhost:50377                                                                              ; --            ; --          ; --         ;
; DSE_WORKER_ID                       ; 0                                                                                                   ; --            ; --          ; --         ;
; MAX_CORE_JUNCTION_TEMP              ; 85                                                                                                  ; --            ; --          ; --         ;
; MIN_CORE_JUNCTION_TEMP              ; 0                                                                                                   ; --            ; --          ; --         ;
; PARTITION_COLOR                     ; -- (Not supported for targeted family)                                                              ; --            ; --          ; Top        ;
; PARTITION_FITTER_PRESERVATION_LEVEL ; -- (Not supported for targeted family)                                                              ; --            ; --          ; Top        ;
; PARTITION_NETLIST_TYPE              ; -- (Not supported for targeted family)                                                              ; --            ; --          ; Top        ;
; PROJECT_OUTPUT_DIRECTORY            ; output_files                                                                                        ; --            ; --          ; --         ;
+-------------------------------------+-----------------------------------------------------------------------------------------------------+---------------+-------------+------------+


+--------------------------------------------------------------------------------------------------------------------------+
; Flow Elapsed Time                                                                                                        ;
+----------------------+--------------+-------------------------+---------------------+------------------------------------+
; Module Name          ; Elapsed Time ; Average Processors Used ; Peak Virtual Memory ; Total CPU Time (on all processors) ;
+----------------------+--------------+-------------------------+---------------------+------------------------------------+
; Analysis & Synthesis ; 00:00:09     ; 1.0                     ; 4764 MB             ; 00:00:05                           ;
; Fitter               ; 00:00:04     ; 1.0                     ; 5535 MB             ; 00:00:01                           ;
; Assembler            ; 00:00:00     ; 1.0                     ; 4686 MB             ; 00:00:00                           ;
; Timing Analyzer      ; 00:00:02     ; 1.0                     ; 4760 MB             ; 00:00:01                           ;
; Total                ; 00:00:15     ; --                      ; --                  ; 00:00:07                           ;
+----------------------+--------------+-------------------------+---------------------+------------------------------------+


+--------------------------------------------------------------------------------------+
; Flow OS Summary                                                                      ;
+----------------------+--------------------+------------+------------+----------------+
; Module Name          ; Machine Hostname   ; OS Name    ; OS Version ; Processor type ;
+----------------------+--------------------+------------+------------+----------------+
; Analysis & Synthesis ; vadya-forester-win ; Windows 10 ; 10.0       ; x86_64         ;
; Fitter               ; vadya-forester-win ; Windows 10 ; 10.0       ; x86_64         ;
; Assembler            ; vadya-forester-win ; Windows 10 ; 10.0       ; x86_64         ;
; Timing Analyzer      ; vadya-forester-win ; Windows 10 ; 10.0       ; x86_64         ;
+----------------------+--------------------+------------+------------+----------------+


------------
; Flow Log ;
------------
quartus_map --read_settings_files=off --write_settings_files=off alarm -c alarm
quartus_fit --read_settings_files=off --write_settings_files=off alarm -c alarm
quartus_asm --read_settings_files=off --write_settings_files=off alarm -c alarm
quartus_sta alarm -c alarm



