------------------------------------------------------------
Timing Analyzer Summary
------------------------------------------------------------

Type  : Slow 1200mV 85C Model Setup 'div50000max'
Slack : -4.339
TNS   : -91.926

Type  : Slow 1200mV 85C Model Setup 'div1000max'
Slack : -4.120
TNS   : -38.596

Type  : Slow 1200mV 85C Model Setup 'clk'
Slack : -2.412
TNS   : -47.042

Type  : Slow 1200mV 85C Model Hold 'div1000max'
Slack : 0.214
TNS   : 0.000

Type  : Slow 1200mV 85C Model Hold 'div50000max'
Slack : 0.448
TNS   : 0.000

Type  : Slow 1200mV 85C Model Hold 'clk'
Slack : 0.494
TNS   : 0.000

Type  : Slow 1200mV 85C Model Minimum Pulse Width 'clk'
Slack : -3.000
TNS   : -44.636

Type  : Slow 1200mV 85C Model Minimum Pulse Width 'div50000max'
Slack : -1.487
TNS   : -49.071

Type  : Slow 1200mV 85C Model Minimum Pulse Width 'div1000max'
Slack : -1.487
TNS   : -17.844

Type  : Slow 1200mV 0C Model Setup 'div50000max'
Slack : -3.905
TNS   : -82.250

Type  : Slow 1200mV 0C Model Setup 'div1000max'
Slack : -3.701
TNS   : -34.570

Type  : Slow 1200mV 0C Model Setup 'clk'
Slack : -2.051
TNS   : -39.692

Type  : Slow 1200mV 0C Model Hold 'div1000max'
Slack : 0.176
TNS   : 0.000

Type  : Slow 1200mV 0C Model Hold 'div50000max'
Slack : 0.389
TNS   : 0.000

Type  : Slow 1200mV 0C Model Hold 'clk'
Slack : 0.456
TNS   : 0.000

Type  : Slow 1200mV 0C Model Minimum Pulse Width 'clk'
Slack : -3.000
TNS   : -44.636

Type  : Slow 1200mV 0C Model Minimum Pulse Width 'div50000max'
Slack : -1.487
TNS   : -49.071

Type  : Slow 1200mV 0C Model Minimum Pulse Width 'div1000max'
Slack : -1.487
TNS   : -17.844

Type  : Fast 1200mV 0C Model Setup 'div50000max'
Slack : -1.349
TNS   : -23.841

Type  : Fast 1200mV 0C Model Setup 'div1000max'
Slack : -1.258
TNS   : -10.563

Type  : Fast 1200mV 0C Model Setup 'clk'
Slack : -1.098
TNS   : -16.936

Type  : Fast 1200mV 0C Model Hold 'div1000max'
Slack : 0.075
TNS   : 0.000

Type  : Fast 1200mV 0C Model Hold 'div50000max'
Slack : 0.171
TNS   : 0.000

Type  : Fast 1200mV 0C Model Hold 'clk'
Slack : 0.198
TNS   : 0.000

Type  : Fast 1200mV 0C Model Minimum Pulse Width 'clk'
Slack : -3.000
TNS   : -39.350

Type  : Fast 1200mV 0C Model Minimum Pulse Width 'div50000max'
Slack : -1.000
TNS   : -33.000

Type  : Fast 1200mV 0C Model Minimum Pulse Width 'div1000max'
Slack : -1.000
TNS   : -12.000

------------------------------------------------------------
